
== suites/hr/hr-announcements-assets.mjs: dropped 28 finding(s), 2 action shard(s) from its 2026-10-06T20:20:16.718Z run
EMP=nitinjangra0981@gmail.com/474b7e97-1471-411b-a135-947e0527975a ADM=org-admin@msq.in/474b7e97-1471-411b-a135-947e0527975a MGR=vishalsharma100101@gmail.com/e05601c1-bf3e-4b92-b157-8e038bdffab1 HRA=hr-admin@fitclass.in/27a7e2a1-8d65-41ed-af75-3f4ec93f296d

— 0. no session —
  ok   anonymous            GET /hr/announcements without a session
  ok   anonymous            POST /hr/announcements without a session
  ok   anonymous            GET /hr/announcements/admin without a session
  ok   anonymous            POST /hr/announcements/325a68a9-a396-4fc2-a956-dac05aa3eae3/publish without a session
  ok   anonymous            GET /hr/assets without a session
  ok   anonymous            GET /hr/assets/mine without a session
  ok   anonymous            POST /hr/assets/e4716780-0f9f-4a64-94a0-faaa652c4694/assign without a session

— 1. announcement lifecycle —
  ok   msq_org_admin        201 ADM drafts an announcement (with smuggled org_id/author_id/published_at)
  ok   msq_org_admin        draft stored in the CALLER's org, authored by the caller, unpublished (smuggled fields ignored)
  info msq_rep1             403 list announcements
  ok   msq_rep1             an unpublished draft is invisible to employees
  FAIL msq_rep1             403 EMP marks a DRAFT as read
  ok   msq_rep1             no read-mark row was created for the draft
  ok   msq_org_admin        200 ADM lists all (admin view)
  ok   msq_org_admin        admin view lists the draft with read_count 0
  ok   msq_org_admin        admin view is the caller's org only
  ok   msq_rep1             403 EMP POST /announcements
  ok   msq_rep1             403 EMP GET /announcements/admin
  ok   msq_rep1             403 EMP POST /announcements/:id/publish
  ok   msq_rep1             403 EMP POST /announcements/:id/retire
  ok   msq_rep1             employee publish attempt did not publish the draft
  ok   org_admin            403 tenant-A org_admin (no announcements cap) lists
  ok   org_admin            403 tenant-A org_admin posts
  ok   read_only            403 read_only lists announcements
  ok   hr_admin             404 cross-tenant: tenant-A HR publishes a tenant-B draft
  ok   hr_admin             404 cross-tenant: tenant-A HR retires a tenant-B draft
  ok   hr_admin             cross-tenant publish/retire changed nothing
  ok   hr_admin             200 tenant-A HR admin list
  ok   hr_admin             tenant-A admin list never shows a tenant-B announcement
  ok   msq_org_admin        404 publish an unknown id
  ok   msq_org_admin        400 publish a malformed id
  ok   msq_org_admin        400 retire a malformed id
  ok   msq_rep1             403 mark-read a malformed id
  ok   msq_org_admin        204 ADM publishes the draft
  ok   msq_org_admin        published_at set
  info msq_rep1             403 list announcements
  FAIL msq_rep1             employee now sees it, unread
  ok   msq_rep1             employee feed holds only the caller's branch
  ok   msq_rep1             pinned announcements sort first
  ok   msq_org_admin        204 publish again (idempotent)
  ok   msq_org_admin        re-publish keeps the original published_at
  FAIL msq_rep1             403 EMP marks it read
  FAIL msq_rep1             403 EMP marks it read again (idempotent)
  FAIL msq_rep1             exactly one read row (caller, branch) after two marks
  info msq_rep1             403 list announcements
  FAIL msq_rep1             feed shows is_read=true
  info msq_org_admin        200 list announcements
  ok   msq_org_admin        read marks are per user (admin still sees it unread)
  ok   msq_org_admin        200 admin read_count
  FAIL msq_org_admin        read_count = 1
  info fitness_manager      200 list announcements
  ok   fitness_manager      tenant-A employee feed never shows a tenant-B announcement
  ok   fitness_manager      404 cross-tenant: tenant-A employee marks a tenant-B announcement read
  ok   fitness_manager      no cross-tenant read row
  ok   msq_org_admin        201 ADM posts an already-expired announcement
  ok   msq_org_admin        201 ADM posts one that expires today
  ok   msq_org_admin        201 ADM posts one that expires in a week
  info msq_rep1             403 list announcements
  ok   msq_rep1             expired announcement is hidden from employees
  FAIL msq_rep1             announcements expiring today/in future are visible (expires_on inclusive)
  ok   msq_org_admin        200 admin sees the expired one
  ok   msq_org_admin        admin view still lists the expired announcement
  ok   msq_org_admin        422 announcement: empty title
  ok   msq_org_admin        422 announcement: whitespace body
  ok   msq_org_admin        422 announcement: title 151
  ok   msq_org_admin        422 announcement: body 4001
  ok   msq_org_admin        422 announcement: bad category
  ok   msq_org_admin        422 announcement: expires_on wrong shape
  ok   msq_org_admin        400 announcement: expires_on impossible 2030-02-31
  ok   msq_org_admin        400 announcement: expires_on month 13
  ok   msq_org_admin        422 announcement: is_pinned string
  ok   msq_org_admin        422 announcement: publish string
  ok   msq_org_admin        422 announcement: title number
  ok   msq_org_admin        201 announcement at exactly the max title/body length
  ok   msq_org_admin        204 ADM retires the announcement
  ok   msq_org_admin        retire soft-deletes
  info msq_rep1             403 list announcements
  ok   msq_rep1             retired announcement vanishes from the employee feed at once
  FAIL msq_rep1             403 mark a retired announcement read
  ok   msq_org_admin        404 retire twice
  ok   msq_org_admin        404 publish a retired announcement
  info msq_org_admin        200 admin list after retire
  ok   msq_org_admin        retired announcement leaves the admin list
  ok   hr_admin             201 tenant-A HR (Head Office) posts an announcement
  info fitness_manager      200 list announcements
  ok   fitness_manager      a Head-Office announcement is invisible to a Sector-69 employee (audience = branch)
  ok   fitness_manager      404 branch fence: Sector-69 employee marks a Head-Office announcement read
  info msq_rep1             403 list announcements
  ok   msq_rep1             tenant-B employee never sees a tenant-A announcement
  ok   msq_org_admin        404 cross-tenant: tenant-B HR retires a tenant-A announcement
  ok   msq_org_admin        cross-tenant retire changed nothing
  info msq_org_admin        200 tenant-B admin list
  ok   msq_org_admin        tenant-B admin list never shows a tenant-A announcement
  ok   msq_org_admin        201 post an XSS-payload announcement
  ok   msq_org_admin        payload stored verbatim (output encoding, not input mangling, is the defence)
  FAIL msq_rep1             403 EMP fetches the XSS announcement via the API
  ok   msq_rep1             API serves it as application/json (not HTML)

— 2. assets —
  ok   msq_org_admin        201 ADM creates an asset (XSS-shaped name, smuggled org_id)
  ok   msq_org_admin        asset created in the caller's org, in_stock, name stored verbatim
  ok   msq_org_admin        409 duplicate asset tag in the same branch
  ok   hr_admin             201 tenant-A HR creates an asset with the SAME tag as a tenant-B asset
  ok   hr_admin             asset-tag uniqueness is per branch — another tenant's tag must not be reported as taken
  ok   msq_org_admin        422 asset: empty tag
  ok   msq_org_admin        422 asset: tag 51 chars
  ok   msq_org_admin        422 asset: empty name
  ok   msq_org_admin        422 asset: name 151 chars
  ok   msq_org_admin        422 asset: bad category
  ok   msq_org_admin        422 asset: serial 101
  ok   msq_org_admin        422 asset: notes 501
  ok   msq_rep1             403 EMP creates an asset
  ok   msq_rep1             403 EMP lists the full inventory
  ok   org_admin            403 tenant-A org_admin (no assets cap) reads /assets/mine
  ok   read_only            403 read_only reads /assets/mine
  ok   msq_org_admin        200 ADM lists inventory
  ok   msq_org_admin        inventory = the caller's branch only
  ok   hr_admin             200 tenant-A HR lists inventory
  ok   hr_admin             tenant-A inventory never shows a tenant-B asset
  ok   msq_rep1             403 EMP assigns an asset to themself
  ok   msq_org_admin        422 assign to a non-uuid user
  ok   msq_org_admin        422 assign with a 301-char note
  ok   msq_org_admin        404 assign to an unknown user id
  ok   msq_org_admin        404 cross-tenant: assign a tenant-B asset to a tenant-A employee
  ok   msq_org_admin        400 assign a malformed asset id
  ok   hr_admin             404 cross-tenant: tenant-A HR assigns a tenant-B asset
  ok   hr_admin             404 cross-tenant: tenant-A HR returns a tenant-B asset
  ok   hr_admin             cross-tenant assign/return changed nothing
  ok   msq_org_admin        409 return an asset that is in stock
  ok   msq_org_admin        204 ADM assigns the asset to EMP
  ok   msq_org_admin        assignment row (EMP, caller's org, open) + status assigned
  FAIL msq_rep1             403 EMP reads /assets/mine
  FAIL msq_rep1             /assets/mine lists only what the caller currently holds
  ok   msq_rep1             /assets/mine omits inventory-wide fields (holder, notes)
  ok   msq_org_admin        200 ADM reads their own /assets/mine
  ok   msq_org_admin        another user's asset does not appear in the caller's /mine
  ok   fitness_manager      200 tenant-A employee reads /assets/mine
  ok   fitness_manager      cross-tenant /mine never shows the asset
  ok   msq_org_admin        200 inventory shows the holder
  ok   msq_org_admin        inventory shows the holder
  ok   msq_org_admin        409 assign an already-assigned asset
  ok   msq_rep1             403 EMP returns (takes back) their own asset
  ok   msq_org_admin        204 ADM takes the asset back
  ok   msq_org_admin        return closes the assignment and restores in_stock
  FAIL msq_rep1             403 EMP /mine after return
  ok   msq_rep1             returned asset leaves /assets/mine
  ok   msq_org_admin        409 return an already-returned asset
  ok   msq_org_admin        409 assign a RETIRED asset
  ok   msq_org_admin        201 ADM creates the race asset
  info msq_org_admin        204 race assign → EMP
  info msq_org_admin        409 race assign → ADM
  ok   msq_org_admin        two simultaneous assigns of one asset: one 204, one 409, exactly one open holder
  ok   hr_admin             201 tenant-A HR creates a Head-Office asset
  ok   hr_admin             404 branch fence: assign a Head-Office asset to a Sector-69 employee
  ok   msq_org_admin        asset_created / asset_assigned / asset_returned audit rows written

— 3. UI: payloads render escaped —
  ok   msq_org_admin        204 assign the XSS-named asset to EMP for the UI check
  ok   msq_rep1             /hrms/dashboard: stored XSS payloads create no element, run no script, open no dialog
  FAIL msq_rep1             the dashboard shows the payload as visible literal text (escaped)
  ok   msq_rep1             /hrms/profile: stored XSS payloads create no element, run no script, open no dialog
  ok   msq_rep1             no script error from payload execution

hr/HR Announcements & Assets: 57 check(s), 7 failed, 14 finding(s) recorded.
== suites/hr/hr-announcements-assets.mjs: passed in 37s
