
== suites/hr/hr-payroll.mjs: dropped 20 finding(s), 1 action shard(s) from its 2026-10-06T22:36:34.449Z run
EMP=employee.msq@e2e-fixture.test/474b7e97-1471-411b-a135-947e0527975a ADM=org-admin@msq.in/474b7e97-1471-411b-a135-947e0527975a HRA=hr-admin@fitclass.in/27a7e2a1-8d65-41ed-af75-3f4ec93f296d

— 0. no session —
  ok   anonymous            GET /hr/payroll/payslips without a session
  ok   anonymous            GET /hr/payroll/payslips/a9c92024-e247-4b1b-9acf-b225dfa2bf7a without a session
  ok   anonymous            GET /hr/payroll/admin/overview?month=2020-03 without a session
  ok   anonymous            PUT /hr/payroll/admin/payslips without a session
  ok   anonymous            POST /hr/payroll/admin/2020-03/publish without a session
  ok   anonymous            POST /hr/payroll/admin/2020-03/lock without a session

— 1. permissions —
  ok   msq_employee         403 msq_employee drafts a payslip
  ok   msq_employee         403 msq_employee opens the payroll overview
  ok   msq_employee         403 msq_employee opens payroll readiness
  ok   msq_employee         403 msq_employee publishs a month
  ok   msq_employee         403 msq_employee locks a month
  ok   msq_employee         403 msq_employee unlocks a month
  ok   org_admin            403 org_admin drafts a payslip
  ok   org_admin            403 org_admin opens the payroll overview
  ok   org_admin            403 org_admin opens payroll readiness
  ok   org_admin            403 org_admin publishs a month
  ok   org_admin            403 org_admin locks a month
  ok   org_admin            403 org_admin unlocks a month
  ok   read_only            403 read_only drafts a payslip
  ok   read_only            403 read_only opens the payroll overview
  ok   read_only            403 read_only opens payroll readiness
  ok   read_only            403 read_only publishs a month
  ok   read_only            403 read_only locks a month
  ok   read_only            403 read_only unlocks a month
  ok   fitness_manager      403 fitness_manager drafts a payslip
  ok   fitness_manager      403 fitness_manager opens the payroll overview
  ok   fitness_manager      403 fitness_manager opens payroll readiness
  ok   fitness_manager      403 fitness_manager publishs a month
  ok   fitness_manager      403 fitness_manager locks a month
  ok   fitness_manager      403 fitness_manager unlocks a month
  ok   org_admin            403 org_admin (no payslip.view) lists payslips
  ok   org_admin            403 org_admin opens a payslip
  ok   read_only            403 read_only (no payslip.view) lists payslips
  ok   read_only            403 read_only opens a payslip
  ok   msq_employee         forbidden lock attempts created no pay_periods row

— 2. validation —
  ok   msq_org_admin        422 payslip: month 2020-13
  ok   msq_org_admin        422 payslip: month 2020-3
  ok   msq_org_admin        422 payslip: month "garbage"
  ok   msq_org_admin        422 payslip: month with SQL
  ok   msq_org_admin        422 payslip: user_id not a uuid
  ok   msq_org_admin        422 payslip: no lines
  ok   msq_org_admin        422 payslip: 41 lines
  ok   msq_org_admin        422 payslip: negative amount
  ok   msq_org_admin        422 payslip: amount 100000001
  ok   msq_org_admin        422 payslip: amount as string
  ok   msq_org_admin        422 payslip: empty label
  ok   msq_org_admin        422 payslip: label 101 chars
  ok   msq_org_admin        422 payslip: kind "bonus"
  ok   msq_org_admin        422 payslip: working_days 32
  ok   msq_org_admin        422 payslip: working_days -1
  ok   msq_org_admin        422 payslip: lop_days 32
  ok   msq_org_admin        404 draft for an unknown employee
  ok   msq_org_admin        404 cross-tenant: tenant-B HR drafts for a tenant-A employee
  ok   hr_admin             404 cross-tenant: tenant-A HR drafts for a tenant-B employee
  ok   msq_org_admin        rejected / cross-tenant drafts created no payslip
  FAIL msq_org_admin        500 publish with month "2020-13"
  FAIL msq_org_admin        500 publish with month "abc"
  FAIL msq_org_admin        500 publish with month "2020-3-1"
  FAIL msq_org_admin        500 lock with month "2020-13"
  FAIL msq_org_admin        500 lock with month "abc"
  FAIL msq_org_admin        500 lock with month "2020-3-1"
  FAIL msq_org_admin        500 unlock with month "2020-13"
  FAIL msq_org_admin        500 unlock with month "abc"
  FAIL msq_org_admin        500 unlock with month "2020-3-1"
  ok   msq_org_admin        422 overview month="2020-13"
  ok   msq_org_admin        422 overview month="abc"
  ok   msq_org_admin        422 overview month=""
  ok   msq_org_admin        422 overview without month
  ok   msq_org_admin        422 readiness month 2020-13
  ok   msq_employee         400 open a malformed payslip id
  ok   msq_employee         404 open an unknown payslip id

— 3. drafts —
  ok   msq_org_admin        200 ADM drafts EMP's payslip (with smuggled gross/net/org_id/published_at)
  ok   msq_org_admin        draft: totals computed server-side (gross 70000.55, deductions 6000.25, net 64000.30), caller's org, unpublished — smuggled values ignored
  ok   msq_org_admin        three lines stored in order, label verbatim
  ok   msq_org_admin        payslip_drafted audit: month + id, never an amount
  ok   msq_org_admin        200 ADM edits the draft (replaces lines)
  ok   msq_org_admin        editing a draft keeps ONE payslip (same id), replaces lines, re-totals in paise (0.1+0.2 = 0.30)
  ok   msq_org_admin        200 ADM drafts their OWN payslip
  ok   msq_org_admin        200 ADM drafts EMP's payslip for the second month
  ok   msq_tenant_admin     200 race: draft #2
  ok   msq_org_admin        200 race: draft #1
  ok   msq_org_admin        two simultaneous first drafts for one (employee, month) leave exactly one payslip and no 5xx

— 4. drafts are invisible to employees —
  ok   msq_employee         200 EMP lists payslips (only drafts exist)
  ok   msq_employee         a DRAFT payslip is not in the employee list
  ok   msq_employee         404 EMP opens their own DRAFT by id
  ok   msq_employee         404 IDOR: EMP opens ADM's draft by id
  ok   msq_org_admin        404 HR opens an employee's draft via the employee route (own-only)
  ok   fitness_manager      404 cross-tenant: tenant-A employee opens a tenant-B draft
  ok   hr_admin             404 cross-tenant: tenant-A HR opens a tenant-B draft via the employee route
  ok   msq_org_admin        200 ADM opens the overview
  ok   msq_org_admin        overview: the two drafts of the month, unpublished, caller's org only
  ok   hr_admin             200 tenant-A HR opens the same month
  ok   hr_admin             tenant-A overview never lists tenant-B payslips
  ok   msq_org_admin        200 ADM opens readiness
  ok   msq_org_admin        readiness: counts only (2 drafts, 0 published), no names/amounts

— 5. publish —
  ok   hr_admin             400 cross-tenant: tenant-A HR publishes the month (nothing of theirs to publish)
  ok   hr_admin             tenant-A publish did NOT publish tenant-B drafts
  ok   msq_org_admin        400 publish a month with no drafts (400)
  ok   msq_org_admin        200 ADM publishes the month
  ok   msq_org_admin        publish: both drafts of THAT month published (stamped by the caller), other months untouched
  ok   msq_org_admin        payslips_published audit: month + count only
  ok   msq_org_admin        400 publish again (nothing left, 400)
  ok   msq_org_admin        409 edit a PUBLISHED payslip (409)
  ok   msq_org_admin        a refused edit left the published payslip untouched
  ok   msq_employee         200 EMP lists payslips after publish
  ok   msq_employee         employee list = own PUBLISHED payslips only (no colleague, no draft)
  ok   msq_employee         200 EMP opens own published payslip
  ok   msq_employee         detail: totals + lines match the DB
  ok   msq_employee         payslip detail carries no other user id / bank data
  ok   msq_employee         404 IDOR: EMP opens ADM's PUBLISHED payslip
  ok   msq_employee         404 EMP opens a still-draft payslip of another month
  ok   msq_org_admin        200 ADM lists their own payslips
  ok   msq_org_admin        HR sees only THEIR payslip on the employee route, never EMP's
  ok   fitness_manager      200 fitness_manager (tenant A) lists their payslips
  ok   fitness_manager      cross-tenant employee list never shows a tenant-B payslip
  ok   fitness_manager      404 cross-tenant: fitness_manager opens a tenant-B PUBLISHED payslip
  ok   hr_admin             200 hr_admin (tenant A) lists their payslips
  ok   hr_admin             cross-tenant employee list never shows a tenant-B payslip
  ok   hr_admin             404 cross-tenant: hr_admin opens a tenant-B PUBLISHED payslip
  ok   msq_org_admin        200 overview after publish
  ok   msq_org_admin        overview marks both published

— 6. month lock —
  ok   msq_org_admin        200 ADM locks the month
  ok   msq_org_admin        lock: pay_periods row locked, stamped with the caller + time
  ok   msq_org_admin        lock is scoped to the caller's branch only
  ok   msq_org_admin        200 lock again (idempotent)
  ok   msq_org_admin        still exactly one pay_periods row after a second lock
  ok   msq_org_admin        200 overview of the locked month
  ok   msq_org_admin        overview reports locked + locked_at
  ok   msq_org_admin        200 readiness of the locked month
  ok   msq_org_admin        readiness reports locked
  ok   msq_org_admin        409 recompute attendance inside the LOCKED month
  ok   msq_org_admin        the refusal names the lock
  ok   msq_org_admin        409 recompute a range whose END is in the locked month
  ok   msq_org_admin        200 edit a payslip draft while its month is LOCKED
  (observation) draft edit while locked -> HTTP 200
  ok   msq_org_admin        200 publish while the month is LOCKED
  (observation) publish in a locked month -> 200
  ok   msq_employee         403 EMP unlocks a month
  ok   msq_employee         forbidden unlock left the month locked
  ok   msq_org_admin        200 ADM unlocks the month
  ok   msq_org_admin        unlock reopens the month and clears locked_by/locked_at
  ok   msq_org_admin        payroll_month_locked and payroll_month_unlocked are both audited with the month
  ok   msq_org_admin        200 recompute after unlock
  ok   msq_org_admin        after unlock the attendance gate is open again
  ok   msq_org_admin        200 unlock an already-open month (idempotent)
  info msq_org_admin        200 race lock
  info msq_tenant_admin     200 race lock #2
  info msq_org_admin        200 race unlock
  ok   msq_org_admin        three simultaneous lock/unlock calls leave exactly one valid pay_periods row, no 5xx

hr/HR Payroll: 39 check(s), 0 failed, 10 finding(s) recorded.
== suites/hr/hr-payroll.mjs: passed in 32s

== suites/todo/tasks-v2.mjs: dropped 0 finding(s), 0 action shard(s) from its 2026-10-06T22:37:09.991Z run
cross-tenant actor tasks.bulk effective: true (492 ms)
caps: rep bulk=false export=false | oa bulk=true export=true view.org=true
fixtures: tasks=12 lists=3 other-branch=true

== A stats ==

== B export ==
  oa                       http=200 ok  (export CSV scope=org)
  ta                       http=200 ok  (export CSV scope=org)
  f                        http=200 ok  (export CSV scope=own)
  rep                      http=403 ok  (export CSV (default rep))

== C bulk ==
  rep                      http=403 ok  (bulk (default rep))

== D capabilities ==
  (cap tasks.bulk=true not effective for rep after 20097 ms)
  !! [medium] rep - Rep with tasks.bulk: wrong per-task authorisation: HTTP 403 undefined
  rep                      http=403 ok  (bulk reassign to a colleague without tasks.assign)
  (cap tasks.edit=false not effective for rep after 20595 ms)
  !! [high] rep - PATCH succeeded without tasks.edit: HTTP 200
  (cap tasks.export=true not effective for rep after 20595 ms)
  !! [medium] rep - Rep export wrong after grant: HTTP 403 

== E concurrent edits ==

== F spoofing ==

== G UI ==
  !! [medium] msq_rep1 - Board view shows fewer than 4 status columns: 3
locator.fill: Timeout 30000ms exceeded.
Call log:
[2m  - waiting for locator('[role="dialog"]').first().locator('#new-task-title')[22m

    at uiPass (C:\Girdhar\MSquare\repos\msq-platforms\msq-e2e-validation\suites\todo\tasks-v2.mjs:579:46)
    at async main (C:\Girdhar\MSquare\repos\msq-platforms\msq-e2e-validation\suites\todo\tasks-v2.mjs:456:3)
    at async file:///C:/Girdhar/MSquare/repos/msq-platforms/msq-e2e-validation/suites/todo/tasks-v2.mjs:764:7
  !! [high] msq_rep1 - UI pass crashed: locator.fill: Timeout 30000ms exceeded.
Call log:
[2m  - waiting for locator('[role="dialog"]').first().locator('#new-task-title')[22m

  !! [medium] msq_org_admin - Board view shows fewer than 4 status columns: 3
locator.fill: Timeout 30000ms exceeded.
Call log:
[2m  - waiting for locator('[role="dialog"]').first().locator('#new-task-title')[22m

    at uiPass (C:\Girdhar\MSquare\repos\msq-platforms\msq-e2e-validation\suites\todo\tasks-v2.mjs:579:46)
    at async main (C:\Girdhar\MSquare\repos\msq-platforms\msq-e2e-validation\suites\todo\tasks-v2.mjs:456:3)
    at async file:///C:/Girdhar/MSquare/repos/msq-platforms/msq-e2e-validation/suites/todo/tasks-v2.mjs:764:7
  !! [high] msq_org_admin - UI pass crashed: locator.fill: Timeout 30000ms exceeded.
Call log:
[2m  - waiting for locator('[role="dialog"]').first().locator('#new-task-title')[22m

  !! [medium] msq_tenant_admin - Board view shows fewer than 4 status columns: 3
locator.fill: Timeout 30000ms exceeded.
Call log:
[2m  - waiting for locator('[role="dialog"]').first().locator('#new-task-title')[22m

    at uiPass (C:\Girdhar\MSquare\repos\msq-platforms\msq-e2e-validation\suites\todo\tasks-v2.mjs:579:46)
    at async main (C:\Girdhar\MSquare\repos\msq-platforms\msq-e2e-validation\suites\todo\tasks-v2.mjs:456:3)
    at async file:///C:/Girdhar/MSquare/repos/msq-platforms/msq-e2e-validation/suites/todo/tasks-v2.mjs:764:7
  !! [high] msq_tenant_admin - UI pass crashed: locator.fill: Timeout 30000ms exceeded.
Call log:
[2m  - waiting for locator('[role="dialog"]').first().locator('#new-task-title')[22m

  !! [medium] sales_representative - Board view shows fewer than 4 status columns: 3
locator.fill: Timeout 30000ms exceeded.
Call log:
[2m  - waiting for locator('[role="dialog"]').first().locator('#new-task-title')[22m

    at uiPass (C:\Girdhar\MSquare\repos\msq-platforms\msq-e2e-validation\suites\todo\tasks-v2.mjs:579:46)
    at async main (C:\Girdhar\MSquare\repos\msq-platforms\msq-e2e-validation\suites\todo\tasks-v2.mjs:456:3)
    at async file:///C:/Girdhar/MSquare/repos/msq-platforms/msq-e2e-validation/suites/todo/tasks-v2.mjs:764:7
  !! [high] sales_representative - UI pass crashed: locator.fill: Timeout 30000ms exceeded.
Call log:
[2m  - waiting for locator('[role="dialog"]').first().locator('#new-task-title')[22m

  two-browser conflict
  !! [high] oa+ta - A stale browser silently overwrote a colleague's change: first=200 second=undefined db=in_progress

restored 25 capability overrides; purged fixtures; findings=12 actions=117
== suites/todo/tasks-v2.mjs: passed in 538s

== suites/todo/task-soft-delete.mjs: dropped 1 finding(s), 1 action shard(s) from its 2026-10-06T22:37:15.271Z run
cross-tenant actor tasks.delete effective: true (382 ms)
caps: rep delete=false | oa delete=true lists.delete=true | ta delete=true

== D1 owner delete ==
  rep                      http=403 db=false ok  (DELETE own task)

== D3 non-creator ==

== D4 foreign targets ==

== D5 org admin deletes a colleague's task ==
  oa                       http=204 db=true observed  (org admin DELETE a rep's task (administer path))

== D6 capabilities ==
  (cap tasks.delete=true not effective after 20645 ms)
  !! [medium] rep - Delete does not work after the capability was granted back: HTTP 403

== D7 races ==

== L1 task lists ==
  oa                       http=204 db=true ok  (DELETE own org list)

== U1 UI ==

restored 15 capability overrides; purged fixtures; findings=1 actions=29
== suites/todo/task-soft-delete.mjs: passed in 177s
