
== suites/security/public-edge.mjs: dropped 1 finding(s), 0 action shard(s) from its 2026-10-06T19:59:06.877Z run
mint branches:read http=201  users:read http=201
branches (own key)  http=200 rows=1 foreign=0
users      with branches key http=403 (expect 403)
locations  with branches key http=403 (expect 403)
users (users key)   http=200 secretField=none
rotate http=200 old-key=401 (expect 401) new-key=200 (expect 200)
intake webhook no-key=401 wrong-key=401 (expect 401/401)
meta verify (wrong token) http=403 echoed=false
meta POST forged sig (shared) http=401
meta POST forged sig (per-integration) http=404
jwks http=200 keys=0 privateParams=0
CORS preflight from evil origin -> ACAO=http://app.localhost

revoked 3 throwaway API client(s).
== suites/security/public-edge.mjs: passed in 15s

== suites/hr/hr-payroll.mjs: dropped 17 finding(s), 2 action shard(s) from its 2026-10-06T20:27:02.928Z run
EMP=nitinjangra0981@gmail.com/474b7e97-1471-411b-a135-947e0527975a ADM=org-admin@msq.in/474b7e97-1471-411b-a135-947e0527975a HRA=hr-admin@fitclass.in/27a7e2a1-8d65-41ed-af75-3f4ec93f296d

— 0. no session —
  ok   anonymous            GET /hr/payroll/payslips without a session
  ok   anonymous            GET /hr/payroll/payslips/70ca0767-fc84-41f4-9ce6-b5c05ead05e3 without a session
  ok   anonymous            GET /hr/payroll/admin/overview?month=2020-03 without a session
  ok   anonymous            PUT /hr/payroll/admin/payslips without a session
  ok   anonymous            POST /hr/payroll/admin/2020-03/publish without a session
  ok   anonymous            POST /hr/payroll/admin/2020-03/lock without a session

— 1. permissions —
  ok   msq_rep1             403 msq_rep1 drafts a payslip
  ok   msq_rep1             403 msq_rep1 opens the payroll overview
  ok   msq_rep1             403 msq_rep1 opens payroll readiness
  ok   msq_rep1             403 msq_rep1 publishs a month
  ok   msq_rep1             403 msq_rep1 locks a month
  ok   msq_rep1             403 msq_rep1 unlocks a month
  ok   org_admin            403 org_admin drafts a payslip
  ok   org_admin            403 org_admin opens the payroll overview
  ok   org_admin            403 org_admin opens payroll readiness
  ok   org_admin            403 org_admin publishs a month
  ok   org_admin            403 org_admin locks a month
  ok   org_admin            403 org_admin unlocks a month
  ok   read_only            403 read_only drafts a payslip
  ok   read_only            403 read_only opens the payroll overview
  ok   read_only            403 read_only opens payroll readiness
  ok   read_only            403 read_only publishs a month
  ok   read_only            403 read_only locks a month
  ok   read_only            403 read_only unlocks a month
  ok   fitness_manager      403 fitness_manager drafts a payslip
  ok   fitness_manager      403 fitness_manager opens the payroll overview
  ok   fitness_manager      403 fitness_manager opens payroll readiness
  ok   fitness_manager      403 fitness_manager publishs a month
  ok   fitness_manager      403 fitness_manager locks a month
  ok   fitness_manager      403 fitness_manager unlocks a month
  ok   org_admin            403 org_admin (no payslip.view) lists payslips
  ok   org_admin            403 org_admin opens a payslip
  ok   read_only            403 read_only (no payslip.view) lists payslips
  ok   read_only            403 read_only opens a payslip
  ok   msq_rep1             forbidden lock attempts created no pay_periods row

— 2. validation —
  ok   msq_org_admin        422 payslip: month 2020-13
  ok   msq_org_admin        422 payslip: month 2020-3
  ok   msq_org_admin        422 payslip: month "garbage"
  ok   msq_org_admin        422 payslip: month with SQL
  ok   msq_org_admin        422 payslip: user_id not a uuid
  ok   msq_org_admin        422 payslip: no lines
  ok   msq_org_admin        422 payslip: 41 lines
  ok   msq_org_admin        422 payslip: negative amount
  ok   msq_org_admin        422 payslip: amount 100000001
  ok   msq_org_admin        422 payslip: amount as string
  ok   msq_org_admin        422 payslip: empty label
  ok   msq_org_admin        422 payslip: label 101 chars
  ok   msq_org_admin        422 payslip: kind "bonus"
  ok   msq_org_admin        422 payslip: working_days 32
  ok   msq_org_admin        422 payslip: working_days -1
  ok   msq_org_admin        422 payslip: lop_days 32
  ok   msq_org_admin        404 draft for an unknown employee
  ok   msq_org_admin        404 cross-tenant: tenant-B HR drafts for a tenant-A employee
  ok   hr_admin             404 cross-tenant: tenant-A HR drafts for a tenant-B employee
  ok   msq_org_admin        rejected / cross-tenant drafts created no payslip
  FAIL msq_org_admin        500 publish with month "2020-13"
  FAIL msq_org_admin        500 publish with month "abc"
  FAIL msq_org_admin        500 publish with month "2020-3-1"
  FAIL msq_org_admin        500 lock with month "2020-13"
  FAIL msq_org_admin        500 lock with month "abc"
  FAIL msq_org_admin        500 lock with month "2020-3-1"
  FAIL msq_org_admin        500 unlock with month "2020-13"
  FAIL msq_org_admin        500 unlock with month "abc"
  FAIL msq_org_admin        500 unlock with month "2020-3-1"
  ok   msq_org_admin        422 overview month="2020-13"
  ok   msq_org_admin        422 overview month="abc"
  ok   msq_org_admin        422 overview month=""
  ok   msq_org_admin        422 overview without month
  ok   msq_org_admin        422 readiness month 2020-13
  ok   msq_rep1             403 open a malformed payslip id
  FAIL msq_rep1             403 open an unknown payslip id

— 3. drafts —
  ok   msq_org_admin        200 ADM drafts EMP's payslip (with smuggled gross/net/org_id/published_at)
  ok   msq_org_admin        draft: totals computed server-side (gross 70000.55, deductions 6000.25, net 64000.30), caller's org, unpublished — smuggled values ignored
  ok   msq_org_admin        three lines stored in order, label verbatim
  ok   msq_org_admin        payslip_drafted audit: month + id, never an amount
  ok   msq_org_admin        200 ADM edits the draft (replaces lines)
  ok   msq_org_admin        editing a draft keeps ONE payslip (same id), replaces lines, re-totals in paise (0.1+0.2 = 0.30)
  ok   msq_org_admin        200 ADM drafts their OWN payslip
  ok   msq_org_admin        200 ADM drafts EMP's payslip for the second month
  ok   msq_tenant_admin     200 race: draft #2
  ok   msq_org_admin        200 race: draft #1
  ok   msq_org_admin        two simultaneous first drafts for one (employee, month) leave exactly one payslip and no 5xx

— 4. drafts are invisible to employees —
  FAIL msq_rep1             403 EMP lists payslips (only drafts exist)
  ok   msq_rep1             a DRAFT payslip is not in the employee list
  FAIL msq_rep1             403 EMP opens their own DRAFT by id
  FAIL msq_rep1             403 IDOR: EMP opens ADM's draft by id
  ok   msq_org_admin        404 HR opens an employee's draft via the employee route (own-only)
  ok   fitness_manager      404 cross-tenant: tenant-A employee opens a tenant-B draft
  ok   hr_admin             404 cross-tenant: tenant-A HR opens a tenant-B draft via the employee route
  ok   msq_org_admin        200 ADM opens the overview
  ok   msq_org_admin        overview: the two drafts of the month, unpublished, caller's org only
  ok   hr_admin             200 tenant-A HR opens the same month
  ok   hr_admin             tenant-A overview never lists tenant-B payslips
  ok   msq_org_admin        200 ADM opens readiness
  ok   msq_org_admin        readiness: counts only (2 drafts, 0 published), no names/amounts

— 5. publish —
  ok   hr_admin             400 cross-tenant: tenant-A HR publishes the month (nothing of theirs to publish)
  ok   hr_admin             tenant-A publish did NOT publish tenant-B drafts
  ok   msq_org_admin        400 publish a month with no drafts (400)
  ok   msq_org_admin        200 ADM publishes the month
  ok   msq_org_admin        publish: both drafts of THAT month published (stamped by the caller), other months untouched
  ok   msq_org_admin        payslips_published audit: month + count only
  ok   msq_org_admin        400 publish again (nothing left, 400)
  ok   msq_org_admin        409 edit a PUBLISHED payslip (409)
  ok   msq_org_admin        a refused edit left the published payslip untouched
  FAIL msq_rep1             403 EMP lists payslips after publish
  FAIL msq_rep1             employee list = own PUBLISHED payslips only (no colleague, no draft)
  FAIL msq_rep1             403 EMP opens own published payslip
  FAIL msq_rep1             detail: totals + lines match the DB
  ok   msq_rep1             payslip detail carries no other user id / bank data
  FAIL msq_rep1             403 IDOR: EMP opens ADM's PUBLISHED payslip
  FAIL msq_rep1             403 EMP opens a still-draft payslip of another month
  ok   msq_org_admin        200 ADM lists their own payslips
  ok   msq_org_admin        HR sees only THEIR payslip on the employee route, never EMP's
  ok   fitness_manager      200 fitness_manager (tenant A) lists their payslips
  ok   fitness_manager      cross-tenant employee list never shows a tenant-B payslip
  ok   fitness_manager      404 cross-tenant: fitness_manager opens a tenant-B PUBLISHED payslip
  ok   hr_admin             200 hr_admin (tenant A) lists their payslips
  ok   hr_admin             cross-tenant employee list never shows a tenant-B payslip
  ok   hr_admin             404 cross-tenant: hr_admin opens a tenant-B PUBLISHED payslip
  ok   msq_org_admin        200 overview after publish
  ok   msq_org_admin        overview marks both published

— 6. month lock —
  ok   msq_org_admin        200 ADM locks the month
  ok   msq_org_admin        lock: pay_periods row locked, stamped with the caller + time
  ok   msq_org_admin        lock is scoped to the caller's branch only
  ok   msq_org_admin        200 lock again (idempotent)
  ok   msq_org_admin        still exactly one pay_periods row after a second lock
  ok   msq_org_admin        200 overview of the locked month
  ok   msq_org_admin        overview reports locked + locked_at
  ok   msq_org_admin        200 readiness of the locked month
  ok   msq_org_admin        readiness reports locked
  ok   msq_org_admin        409 recompute attendance inside the LOCKED month
  ok   msq_org_admin        the refusal names the lock
  ok   msq_org_admin        409 recompute a range whose END is in the locked month
  ok   msq_org_admin        200 edit a payslip draft while its month is LOCKED
  (observation) draft edit while locked -> HTTP 200
  ok   msq_org_admin        200 publish while the month is LOCKED
  (observation) publish in a locked month -> 200
  ok   msq_rep1             403 EMP unlocks a month
  ok   msq_rep1             forbidden unlock left the month locked
  ok   msq_org_admin        200 ADM unlocks the month
  ok   msq_org_admin        unlock reopens the month and clears locked_by/locked_at
  ok   msq_org_admin        payroll_month_locked and payroll_month_unlocked are both audited with the month
  ok   msq_org_admin        200 recompute after unlock
  ok   msq_org_admin        after unlock the attendance gate is open again
  ok   msq_org_admin        200 unlock an already-open month (idempotent)
  info msq_org_admin        200 race unlock
  info msq_tenant_admin     200 race lock #2
  info msq_org_admin        200 race lock
  ok   msq_org_admin        three simultaneous lock/unlock calls leave exactly one valid pay_periods row, no 5xx

hr/HR Payroll: 39 check(s), 2 failed, 20 finding(s) recorded.
== suites/hr/hr-payroll.mjs: passed in 35s

== suites/todo/tasks-v2.mjs: dropped 0 finding(s), 0 action shard(s) from its 2026-10-06T21:11:15.751Z run
ERROR:  invalid input syntax for type uuid: "null"
LINE 1: ... ON m.user_id=u.id AND m.is_active WHERE m.org_id='null' AND...
                                                             ^
node:internal/errors:983
  const err = new Error(message);
              ^

Error: Command failed: docker exec -i msq-db-server psql -U postgres -d platforms -A -F <@col@> -t -c SELECT u.id FROM iam.users u JOIN iam.user_org_mapping m ON m.user_id=u.id AND m.is_active WHERE m.org_id='null' AND u.is_active LIMIT 1
ERROR:  invalid input syntax for type uuid: "null"
LINE 1: ... ON m.user_id=u.id AND m.is_active WHERE m.org_id='null' AND...
                                                             ^

    at genericNodeError (node:internal/errors:983:15)
    at wrappedFn (node:internal/errors:537:14)
    at checkExecSyncError (node:child_process:915:11)
    at execFileSync (node:child_process:951:15)
    at q (file:///C:/Girdhar/MSquare/repos/msq-platforms/msq-e2e-validation/db.mjs:36:15)
    at one (file:///C:/Girdhar/MSquare/repos/msq-platforms/msq-e2e-validation/db.mjs:58:13)
    at scalar (file:///C:/Girdhar/MSquare/repos/msq-platforms/msq-e2e-validation/db.mjs:64:13)
    at file:///C:/Girdhar/MSquare/repos/msq-platforms/msq-e2e-validation/suites/todo/tasks-v2.mjs:49:18
    at ModuleJob.run (node:internal/modules/esm/module_job:343:25)
    at async onImport.tracePromise.__proto__ (node:internal/modules/esm/loader:647:26) {
  status: 1,
  signal: null,
  output: [
    null,
    '',
    'ERROR:  invalid input syntax for type uuid: "null"\n' +
      "LINE 1: ... ON m.user_id=u.id AND m.is_active WHERE m.org_id='null' AND...\n" +
      '                                                             ^\n'
  ],
  pid: 40116,
  stdout: '',
  stderr: 'ERROR:  invalid input syntax for type uuid: "null"\n' +
    "LINE 1: ... ON m.user_id=u.id AND m.is_active WHERE m.org_id='null' AND...\n" +
    '                                                             ^\n'
}

Node.js v22.18.0
== suites/todo/tasks-v2.mjs: crashed in 5s

== suites/todo/task-soft-delete.mjs: dropped 0 finding(s), 0 action shard(s) from its 2026-10-06T21:11:18.478Z run
cross-tenant actor tasks.delete effective: true (443 ms)
caps: rep delete=false | oa delete=true lists.delete=true | ta delete=true

== D1 owner delete ==
  rep                      http=403 db=false ok  (DELETE own task)

== D3 non-creator ==

== D4 foreign targets ==

== D5 org admin deletes a colleague's task ==
  oa                       http=204 db=true observed  (org admin DELETE a rep's task (administer path))

== D6 capabilities ==
  (cap tasks.delete=true not effective after 20749 ms)
  !! [medium] rep - Delete does not work after the capability was granted back: HTTP 403

== D7 races ==

== L1 task lists ==
  oa                       http=204 db=true ok  (DELETE own org list)

== U1 UI ==

restored 15 capability overrides; purged fixtures; findings=1 actions=28
== suites/todo/task-soft-delete.mjs: passed in 178s

== suites/admin/capability-matrix-ui.mjs: dropped 1 finding(s), 0 action shard(s) from its 2026-10-06T21:56:04.689Z run
role=sales_representative tenant=0b39b589-ea7d-446a-b660-350e1d84ebd9 cap=lms.leads.assign.bulk preExistingOverride=null resolvedBefore=false
  super_admin switch into tenant 0b39b589-ea7d-446a-b660-350e1d84ebd9 -> HTTP 200
  role options sample: Tenant Admin | Admin | HR Admin | Expansion Head | HR Head
  capability row for 'lms.leads.assign.bulk' found=true
  UI checkbox before=false (resolver said false)
  PUT status=200
  "Saved." confirmation visible=true
  DB is_granted=t (want true) resolver=true
  session reflects new grant=true (93ms)
  UI checkbox after reload=true (want true)
  OK: UI, DB, resolver, and session all agree after the round trip

[cleanup] restored preExisting=null -> resolver now reads false (expect false)

done.
== suites/admin/capability-matrix-ui.mjs: passed in 15s

== suites/data/data-health.mjs: dropped 16 finding(s), 0 action shard(s) from its 2026-10-06T18:37:34.565Z run
RLS-1   RLS policies that do not reach the service logins — ok
RLS-2   Org/tenant-scoped tables with row-level security disabled — 1 VIOLATION(S)
CAP-1   Roles held by active users that resolve without platform.write — ok
CAP-2   Granted capabilities that do not apply (ancestor denied) — COULD NOT RUN (spawnSync docker ETIMEDOUT)
LMS-1   Active branches (LMS licensed) with no weighted assignee — 9 VIOLATION(S)
LMS-2   Branch pools whose weights do not sum to 100 — 2 VIOLATION(S)
LMS-3   Active leads assigned to an inactive user or to someone outside the lead's branch — ok
LMS-4   Leads whose campaign type belongs to another tenant — ok
IAM-1   Non-canonical or case-duplicate emails — ok
IAM-2   Branch mappings or managers that cross tenants — 1 VIOLATION(S)
IAM-3   Broken reporting lines (self-manager, inactive manager of an active user) — 1 VIOLATION(S)
HR-1    Active users whose HR profile is missing or out of sync — 10 VIOLATION(S)
META-1  Meta lead-inbox items stuck open for more than an hour — 1 VIOLATION(S)
SCH-1   Tables added in schema 1.53-1.70 that do not exist in this database — ok
RLS-3   New tables whose RLS is not ENABLED (and FORCED where required) — ok
RLS-4   Policies naming app_user that do not name EVERY NOINHERIT login in app_user (zero rows, no error) — ok
RLS-5   Service-only tables (deny-all) that an application role can reach — 1 VIOLATION(S)
GRANT-1 New tables missing the grants their callers need — ok
XT-1    New-table rows whose org / user / tenant columns disagree on the tenant — ok
XT-2    Meta / routing rows crossing tenants — ok
CAP-3   New capabilities missing, inactive, or hanging off an inactive parent — ok
CAP-4   Retired hr.attendance.admin.reports keys still active (1.56.0) — ok
CAP-5   Roles that hold a back-fill source capability but not its 1.56-1.68 target (and have not opted out) — 2 VIOLATION(S)
CAP-6   Roles that hold a manage-type target capability without holding its source (privilege widening) — ok
CAP-7   platform.appearance / admin.branding grants wrong (1.57.0) — ok
CAP-8   Tenant-created roles that cannot write: no platform + platform.write (held yet or not) — 2 VIOLATION(S)
HRX-1   Payslip totals disagree with their lines (service computes, never trusts the client) — ok
HRX-2   Locked pay periods that still hold unpublished payslips — ok
HRX-3   Leave request numbers (LV-n) missing, duplicated, or below the sequence start — ok
HRX-4   Leave attachment columns half-filled, key outside the request's folder, or handover colleague in another tenant — ok
HRX-5   Employee documents: key outside the owner's folder, over the org limit, or org/owner tenant mismatch — ok
HRX-6   Swap / comp-off rows in impossible states — ok
TASK-1  Task codes: counter behind MAX(task_no), duplicates, or tasks without a number — ok
BRAND-1 Tenant branding / preference invariants (1.57.0) — ok
LMS-5   Branches WITH active sales reps but no rep in any weighted rotation — 1 VIOLATION(S)
LMS-6   Weighted pools with no ACTIVE weighted member (declared >0, effectively 0) — ok
LMS-7   Unassigned leads (last 30 days) whose type has NO weighted member in the lead's branch — 4 VIOLATION(S)
META-2  Campaign-type rules: duplicate order, or live rule on an inactive type — ok
META-3  Page=branch: page mapped under several tenants / several live page-level rows / redundant form override — ok
META-4  Campaigns: span tenants unflagged, or confirmed without a type/confirmer, or a guess hardened into the type — ok
META-5  Re-type moves ALL open leads: open leads of a confirmed campaign still on a different type — ok
META-6  Open leads of a re-typed campaign left with an owner outside the new type's pool (a pool exists) — ok
META-7  Catch-up pulls must STAGE ONLY: a scheduled run that was applied — ok
META-8  Mapped Meta pages whose last token check failed (pull/webhook for the page is dead) — ok
META-9  Ad accounts with a recorded fetch error (1.69.0) — ok
META-10 Lead-pull runs stuck in a working state > 30 min (heartbeat stale) — ok
E2E-1   Throwaway rows left behind by a killed harness run — ok

results -> results/data-health.json
== suites/data/data-health.mjs: passed in 98s
